node.exe : npm warn config cache-max This option has been deprecated in favor of `--prefer-online`
At line:1 char:1
+ & "C:\Program Files\nodejs/node.exe" "C:\Program Files\nodejs/node_mo ...
+ ~~~~~~~~~~~~~~~~~~~~~~~~~~~~~~~~~~~~~~~~~~~~~~~~~~~~~~~~~~~~~~~~~~~~~
    + CategoryInfo          : NotSpecified: (npm warn config...-prefer-online`:String) [], RemoteException
    + FullyQualifiedErrorId : NativeCommandError
 

> desktop-management-system-community@0.1.0 build
> vite build

[36mvite v7.1.10 [32mbuilding for production...[36m[39m
transforming...
[33msrc/presentation/components/ui/calendar.tsx (1:0): Error when using sourcemap for reporting an error: Can't 
resolve original location of error.[39m
[33msrc/presentation/components/ui/dialog.tsx (1:0): Error when using sourcemap for reporting an error: Can't 
resolve original location of error.[39m
[33msrc/presentation/components/ui/toggle.tsx (1:0): Error when using sourcemap for reporting an error: Can't 
resolve original location of error.[39m
[33msrc/presentation/components/ui/scroll-area.tsx (1:0): Error when using sourcemap for reporting an error: Can't 
resolve original location of error.[39m
[33msrc/presentation/components/ui/tabs.tsx (1:0): Error when using sourcemap for reporting an error: Can't 
resolve original location of error.[39m
[33msrc/presentation/components/ui/separator.tsx (1:0): Error when using sourcemap for reporting an error: Can't 
resolve original location of error.[39m
[33msrc/presentation/components/ui/accordion.tsx (1:0): Error when using sourcemap for reporting an error: Can't 
resolve original location of error.[39m
[33msrc/presentation/components/ui/slider.tsx (1:0): Error when using sourcemap for reporting an error: Can't 
resolve original location of error.[39m
[33msrc/presentation/components/ui/label.tsx (1:0): Error when using sourcemap for reporting an error: Can't 
resolve original location of error.[39m
[33msrc/presentation/components/ui/select.tsx (1:0): Error when using sourcemap for reporting an error: Can't 
resolve original location of error.[39m
[33msrc/presentation/components/ui/checkbox.tsx (1:0): Error when using sourcemap for reporting an error: Can't 
resolve original location of error.[39m
[33msrc/presentation/components/ui/progress.tsx (1:0): Error when using sourcemap for reporting an error: Can't 
resolve original location of error.[39m
[33msrc/presentation/components/ui/alert-dialog.tsx (1:0): Error when using sourcemap for reporting an error: 
Can't resolve original location of error.[39m
[33msrc/presentation/components/ui/switch.tsx (1:0): Error when using sourcemap for reporting an error: Can't 
resolve original location of error.[39m
[33msrc/presentation/components/ui/radio-group.tsx (1:0): Error when using sourcemap for reporting an error: Can't 
resolve original location of error.[39m
[33msrc/presentation/components/ui/table.tsx (1:0): Error when using sourcemap for reporting an error: Can't 
resolve original location of error.[39m
[32mظ£ô[39m 262 modules transformed.
[31mظ£ù[39m Build failed in 7.49s
[31merror during build:
[31mCould not resolve "./components/Clients" from "src/presentation/pages/Projects/ProjectsPage.tsx"[31m
file: [36mC:/Users/ammn/Desktop/MBM_app/Final_5Sep/Desktop Management System (Community) (Copy) 
(Copy)/src/presentation/pages/Projects/ProjectsPage.tsx[31m
    at getRollupError (file:///C:/Users/ammn/Desktop/MBM_app/Final_5Sep/Desktop%20Management%20System%20(Community)%
20(Copy)%20(Copy)/node_modules/rollup/dist/es/shared/parseAst.js:401:41)
    at error (file:///C:/Users/ammn/Desktop/MBM_app/Final_5Sep/Desktop%20Management%20System%20(Community)%20(Copy)%
20(Copy)/node_modules/rollup/dist/es/shared/parseAst.js:397:42)
    at ModuleLoader.handleInvalidResolvedId (file:///C:/Users/ammn/Desktop/MBM_app/Final_5Sep/Desktop%20Management%2
0System%20(Community)%20(Copy)%20(Copy)/node_modules/rollup/dist/es/shared/node-entry.js:21534:24)
    at file:///C:/Users/ammn/Desktop/MBM_app/Final_5Sep/Desktop%20Management%20System%20(Community)%20(Copy)%20(Copy
)/node_modules/rollup/dist/es/shared/node-entry.js:21494:26[39m
